# __fish_complete_directories test/z
# __fish_complete_directories test/d
test/data/	Directory
# __fish_complete_directories test/data
test/data/	Directory
# __fish_complete_directories test/data/
test/data/abc/	Directory
test/data/abcd/	Directory
test/data/fish/	Directory
test/data/xy/	Directory
test/data/xyz/	Directory
# __fish_complete_directories test/data/abc
test/data/abc/	abc dirs
test/data/abcd/	abc dirs
