0000000 101 303 274 101
0000004
0000000 102 374 102
0000003
0000000 103 303 274 103
0000004
0000000 104 303 274 104
0000004
0000000 130 303 273 130
0000004
0000000 130 303 274 130
0000004
0000000 131 374 131
0000003
0000000 124 077 124
0000003
