Hello 1 2 3.000000 4.000000 5 6
a B 10 18446744073709551615
a hello
hâ€¦o
5.000000e+00 6.000000E+00
                  50
5                   10
       100
%"\nxy
abcdef
Msg1Msg2
foobarbaz
I P Q R
Test escapes
a
0000000 376
0000001
1.230000e+00
3,450000e+00
4,560000e+00
long hex1 73ffffff9a
long hex2 73FFFFFF9A
long hex3 ABCDEF1234567890
long hex4 long decimal 498216206594
long signed -498216206595
long signed to unsigned 18446743575493345020
